13.12.2023 15:02:31 Test message
13.12.2023 15:03:37 Test message
17.12.2023 14:32:22 Test message
17.12.2023 14:46:00 Test message
17.12.2023 15:36:45 Test message
